AR main behavioral C:/Users/Usuario/OneDrive/FACUL/UFRJ/Repositorios_git/ALU_8_Operations_VHDL/Trabalho1_Kevin_Andre_Igor/main.vhd sub00/vhpl01 1656581572
EN main NULL C:/Users/Usuario/OneDrive/FACUL/UFRJ/Repositorios_git/ALU_8_Operations_VHDL/Trabalho1_Kevin_Andre_Igor/main.vhd sub00/vhpl00 1656581571
EN ula NULL C:/Users/Usuario/OneDrive/FACUL/UFRJ/Repositorios_git/ALU_8_Operations_VHDL/Trabalho1_Kevin_Andre_Igor/ULA.vhd sub00/vhpl02 1656581569
AR ula behavioral C:/Users/Usuario/OneDrive/FACUL/UFRJ/Repositorios_git/ALU_8_Operations_VHDL/Trabalho1_Kevin_Andre_Igor/ULA.vhd sub00/vhpl03 1656581570
EN contador NULL C:/Users/Usuario/OneDrive/FACUL/UFRJ/Repositorios_git/ALU_8_Operations_VHDL/Trabalho1_Kevin_Andre_Igor/contador.vhd sub00/vhpl04 1656581558
AR contador behavioral C:/Users/Usuario/OneDrive/FACUL/UFRJ/Repositorios_git/ALU_8_Operations_VHDL/Trabalho1_Kevin_Andre_Igor/contador.vhd sub00/vhpl05 1656581559
