EN comparador_4bits NULL C:/Users/Usuario/OneDrive/FACUL/UFRJ/Repositorios_git/ALU_8_Operations_VHDL/Trabalho1_Kevin_Andre_Igor/comparador_4bits.vhd sub00/vhpl00 1656644171
AR comparador_4bits behavioral C:/Users/Usuario/OneDrive/FACUL/UFRJ/Repositorios_git/ALU_8_Operations_VHDL/Trabalho1_Kevin_Andre_Igor/comparador_4bits.vhd sub00/vhpl01 1656644172
